// Jest Snapshot v1, https://goo.gl/fbAQLP

exports[`UiFind rendering renders as expected 1`] = `
<Input
  autosize={null}
  disabled={false}
  onBlur={[Function]}
  onChange={[Function]}
  placeholder="Find..."
  prefixCls="ant-input"
  suffix={<React.Fragment />}
  type="text"
  value={null}
/>
`;
